// Jest Snapshot v1, https://goo.gl/fbAQLP

exports[`Navbar snapshot 1`] = `
<div
  className="MuiGrid-root MuiGrid-container MuiGrid-align-items-xs-center MuiGrid-justify-content-xs-center"
>
  <div
    className="MuiGrid-root MuiGrid-item MuiGrid-grid-xs-true"
  >
    <div
      className="MuiBox-root MuiBox-root-5"
    >
      <div
        className="MuiListItemAvatar-root"
        href="/home"
        onClick={[Function]}
      >
        <img
          className="makeStyles-svg-1"
          src="avaxcast_logo.svg"
        />
      </div>
    </div>
  </div>
  <div
    className="MuiGrid-root MuiGrid-item MuiGrid-grid-xs-true"
  >
    <div
      className="MuiBox-root MuiBox-root-6"
    >
      <a
        aria-disabled={false}
        className="MuiButtonBase-root MuiButton-root MuiButton-contained makeStyles-button-3 makeStyles-active-4 active MuiButton-colorInherit"
        href="/"
        onBlur={[Function]}
        onClick={[Function]}
        onDragLeave={[Function]}
        onFocus={[Function]}
        onKeyDown={[Function]}
        onKeyUp={[Function]}
        onMouseDown={[Function]}
        onMouseLeave={[Function]}
        onMouseUp={[Function]}
        onTouchEnd={[Function]}
        onTouchMove={[Function]}
        onTouchStart={[Function]}
        style={Object {}}
        tabIndex={0}
      >
        <span
          className="MuiButton-label"
        >
          <span
            className="MuiButton-startIcon MuiButton-iconSizeMedium"
          >
            <svg
              aria-hidden={true}
              className="MuiSvgIcon-root"
              focusable="false"
              viewBox="0 0 24 24"
            >
              <path
                d="M18 13h-.68l-2 2h1.91L19 17H5l1.78-2h2.05l-2-2H6l-3 3v4c0 1.1.89 2 1.99 2H19c1.1 0 2-.89 2-2v-4l-3-3zm-1-5.05l-4.95 4.95-3.54-3.54 4.95-4.95L17 7.95zm-4.24-5.66L6.39 8.66c-.39.39-.39 1.02 0 1.41l4.95 4.95c.39.39 1.02.39 1.41 0l6.36-6.36c.39-.39.39-1.02 0-1.41L14.16 2.3c-.38-.4-1.01-.4-1.4-.01z"
              />
            </svg>
          </span>
          Vote
        </span>
      </a>
    </div>
  </div>
  <div
    className="MuiGrid-root MuiGrid-item MuiGrid-grid-xs-true"
  >
    <div
      className="MuiBox-root MuiBox-root-7"
    >
      <a
        aria-disabled={false}
        className="MuiButtonBase-root MuiButton-root MuiButton-contained makeStyles-button-3 MuiButton-colorInherit"
        href="/portfolio"
        onBlur={[Function]}
        onClick={[Function]}
        onDragLeave={[Function]}
        onFocus={[Function]}
        onKeyDown={[Function]}
        onKeyUp={[Function]}
        onMouseDown={[Function]}
        onMouseLeave={[Function]}
        onMouseUp={[Function]}
        onTouchEnd={[Function]}
        onTouchMove={[Function]}
        onTouchStart={[Function]}
        tabIndex={0}
      >
        <span
          className="MuiButton-label"
        >
          <span
            className="MuiButton-startIcon MuiButton-iconSizeMedium"
          >
            <svg
              aria-hidden={true}
              className="MuiSvgIcon-root"
              focusable="false"
              viewBox="0 0 24 24"
            >
              <path
                d="M18 2H6c-1.1 0-2 .9-2 2v16c0 1.1.9 2 2 2h12c1.1 0 2-.9 2-2V4c0-1.1-.9-2-2-2zM6 4h5v8l-2.5-1.5L6 12V4z"
              />
            </svg>
          </span>
          Portfolio
        </span>
      </a>
    </div>
  </div>
  <div
    className="MuiGrid-root MuiGrid-item MuiGrid-grid-xs-true"
  >
    <div
      className="MuiBox-root MuiBox-root-8"
    >
      <a
        aria-disabled={false}
        className="MuiButtonBase-root MuiButton-root MuiButton-contained makeStyles-button-3 MuiButton-colorInherit"
        href="/addmarket"
        onBlur={[Function]}
        onClick={[Function]}
        onDragLeave={[Function]}
        onFocus={[Function]}
        onKeyDown={[Function]}
        onKeyUp={[Function]}
        onMouseDown={[Function]}
        onMouseLeave={[Function]}
        onMouseUp={[Function]}
        onTouchEnd={[Function]}
        onTouchMove={[Function]}
        onTouchStart={[Function]}
        tabIndex={0}
      >
        <span
          className="MuiButton-label"
        >
          <span
            className="MuiButton-startIcon MuiButton-iconSizeMedium"
          >
            <svg
              aria-hidden={true}
              className="MuiSvgIcon-root"
              focusable="false"
              viewBox="0 0 24 24"
            >
              <path
                d="M4 6H2v14c0 1.1.9 2 2 2h14v-2H4V6zm16-4H8c-1.1 0-2 .9-2 2v12c0 1.1.9 2 2 2h12c1.1 0 2-.9 2-2V4c0-1.1-.9-2-2-2zm-1 9h-4v4h-2v-4H9V9h4V5h2v4h4v2z"
              />
            </svg>
          </span>
          Add
        </span>
      </a>
    </div>
  </div>
  <div
    className="MuiGrid-root MuiGrid-item MuiGrid-grid-xs-true"
  >
    <div
      className="MuiBox-root MuiBox-root-9"
    >
      <button
        className="MuiButtonBase-root MuiButton-root MuiButton-contained makeStyles-button-11 MuiButton-colorInherit"
        disabled={false}
        onBlur={[Function]}
        onClick={[Function]}
        onDragLeave={[Function]}
        onFocus={[Function]}
        onKeyDown={[Function]}
        onKeyUp={[Function]}
        onMouseDown={[Function]}
        onMouseLeave={[Function]}
        onMouseUp={[Function]}
        onTouchEnd={[Function]}
        onTouchMove={[Function]}
        onTouchStart={[Function]}
        tabIndex={0}
        type="button"
      >
        <span
          className="MuiButton-label"
        >
          <span
            className="MuiButton-startIcon MuiButton-iconSizeMedium"
          >
            <svg
              aria-hidden={true}
              className="MuiSvgIcon-root"
              focusable="false"
              viewBox="0 0 24 24"
            >
              <path
                d="M21 18v1c0 1.1-.9 2-2 2H5c-1.11 0-2-.9-2-2V5c0-1.1.89-2 2-2h14c1.1 0 2 .9 2 2v1h-9c-1.11 0-2 .9-2 2v8c0 1.1.89 2 2 2h9zm-9-2h10V8H12v8zm4-2.5c-.83 0-1.5-.67-1.5-1.5s.67-1.5 1.5-1.5 1.5.67 1.5 1.5-.67 1.5-1.5 1.5z"
              />
            </svg>
          </span>
          Wallet
        </span>
      </button>
    </div>
  </div>
  <div
    className="MuiGrid-root MuiGrid-item MuiGrid-grid-xs-true"
  >
    <div
      className="MuiBox-root MuiBox-root-12"
    >
      <button
        aria-label="dark"
        className="MuiButtonBase-root MuiIconButton-root makeStyles-icon-2"
        disabled={false}
        onBlur={[Function]}
        onClick={[Function]}
        onDragLeave={[Function]}
        onFocus={[Function]}
        onKeyDown={[Function]}
        onKeyUp={[Function]}
        onMouseDown={[Function]}
        onMouseLeave={[Function]}
        onMouseUp={[Function]}
        onTouchEnd={[Function]}
        onTouchMove={[Function]}
        onTouchStart={[Function]}
        tabIndex={0}
        type="button"
      >
        <span
          className="MuiIconButton-label"
        >
          <svg
            aria-hidden={true}
            className="MuiSvgIcon-root"
            focusable="false"
            viewBox="0 0 24 24"
          >
            <path
              d="M20 15.31L23.31 12 20 8.69V4h-4.69L12 .69 8.69 4H4v4.69L.69 12 4 15.31V20h4.69L12 23.31 15.31 20H20v-4.69zM12 18V6c3.31 0 6 2.69 6 6s-2.69 6-6 6z"
            />
          </svg>
        </span>
      </button>
    </div>
  </div>
</div>
`;
