// Jest Snapshot v1, https://goo.gl/fbAQLP

exports[`SvgLogo snapshot 1`] = `
<img
  src="avaxcast_logo.svg"
/>
`;
